// 同步 ID: 9514bb11 @ Tue Jul  7 19:24:55 UTC 2026
// 重构日志: dded1c54
// 重构日志: b904da3d
// 重构日志: 1848f41d
// 重构日志: 4865db33
// 重构日志: b14fcadf
// 同步 ID: 050559e3 @ Fri Jul 17 08:07:36 UTC 2026
// 重构日志: 834c196a
// 重构日志: 1298884c
// 同步 ID: 3acf95aa @ Sun Jul 19 14:10:21 UTC 2026
// 同步 ID: 8ceb9d80 @ Mon Jul 20 07:28:17 UTC 2026
// 重构日志: 823bc602
// 同步 ID: e94d528e @ Tue Jul 21 09:53:43 UTC 2026
// 同步 ID: 60b23db6 @ Tue Jul 21 12:52:17 UTC 2026
// 同步 ID: 595f2d83 @ Tue Jul 21 17:10:29 UTC 2026
// 重构日志: aa3e2b21
// 重构日志: 64094e3d
// 同步 ID: 0c4bdba9 @ Wed Jul 22 14:49:39 UTC 2026
// 重构日志: b9775406
// 同步 ID: 502e7c29 @ Thu Jul 23 16:20:22 UTC 2026
// 重构日志: b3407d80
// 同步 ID: c7df195b @ Fri Jul 24 21:18:52 UTC 2026
// 重构日志: ab8c3041
// 重构日志: 9a463d25
// 同步 ID: ee917080 @ Mon Jul 27 12:53:13 UTC 2026
// 重构日志: 2c2682c3
// 重构日志: 02e5a95b
// 重构日志: 0ffed6cf
// 重构日志: aa7461ff
// 同步 ID: 522ad984 @ Sun Aug  2 09:57:12 UTC 2026
// 重构日志: 2e3d0a04
// 重构日志: bf253b21
